[0][ Test Build] : FortPlaylistAthena /Game/Athena/Playlists/TestBuild/Playlist_TestBuild_Duos.Playlist_TestBuild_Duos
[1][ Test Build] : FortPlaylistAthena /Game/Athena/Playlists/TestBuild/Playlist_TestBuild_Solo.Playlist_TestBuild_Solo
[2][ Test Build] : FortPlaylistAthena /Game/Athena/Playlists/TestBuild/Playlist_TestBuild_Squads.Playlist_TestBuild_Squads
[3][ Zero Build - Solo] : FortPlaylistAthena /Game/Athena/Playlists/NoBuildBR/BotPlaylists/Playlist_Bots_NoBuildBR_Solo.Playlist_Bots_NoBuildBR_Solo
[4][ Zero Build - Solo] : FortPlaylistAthena /Game/Athena/Playlists/NoBuildBR/Playlist_NoBuildBR_Solo.Playlist_NoBuildBR_Solo
[5][ Zero Build - Squads] : FortPlaylistAthena /Game/Athena/Playlists/NoBuildBR/BotPlaylists/Playlist_Bots_NoBuildBR_Squad.Playlist_Bots_NoBuildBR_Squad
[6][ Zero Build - Squads] : FortPlaylistAthena /Game/Athena/Playlists/NoBuildBR/Playlist_NoBuildBR_Squad.Playlist_NoBuildBR_Squad
[7][ Zero Build - Solo] : FortPlaylistAthena /Game/Athena/Playlists/NoBuildBR/HabaneroZBM/Playlist_NoBuildBR_Habanero_Solo.Playlist_NoBuildBR_Habanero_Solo
[8][ Zero Build - Squads] : FortPlaylistAthena /Game/Athena/Playlists/NoBuildBR/HabaneroZBM/Playlist_NoBuildBR_Habanero_Squad.Playlist_NoBuildBR_Habanero_Squad
[9][ Zero Build - Trios] : FortPlaylistAthena /Game/Athena/Playlists/NoBuildBR/Playlist_NoBuildBR_Trio.Playlist_NoBuildBR_Trio
[10][ Zero Build - Trios] : FortPlaylistAthena /Game/Athena/Playlists/NoBuildBR/BotPlaylists/Playlist_Bots_NoBuildBR_Trio.Playlist_Bots_NoBuildBR_Trio
[11][ Zero Build - Trios] : FortPlaylistAthena /Game/Athena/Playlists/NoBuildBR/HabaneroZBM/Playlist_NoBuildBR_Habanero_Trio.Playlist_NoBuildBR_Habanero_Trio
[12][ Zero Build - Duos] : FortPlaylistAthena /Game/Athena/Playlists/NoBuildBR/HabaneroZBM/Playlist_NoBuildBR_Habanero_Duo.Playlist_NoBuildBR_Habanero_Duo
[13][ Zero Build - Duos] : FortPlaylistAthena /Game/Athena/Playlists/NoBuildBR/Playlist_NoBuildBR_Duo.Playlist_NoBuildBR_Duo
[14][ Zero Build - Duos] : FortPlaylistAthena /Game/Athena/Playlists/NoBuildBR/BotPlaylists/Playlist_Bots_NoBuildBR_Duo.Playlist_Bots_NoBuildBR_Duo
[15][ Gameplay Test No Build Duos] : FortPlaylistAthena /Game/Athena/Playlists/ItemTest/NoBuildTest/Playlist_ItemTest_NoBuild.Playlist_ItemTest_NoBuild
[16][ Play Session] : FortPlaylistAthena /VKPlay/Playlists/Playlist_VK_Play.Playlist_VK_Play
[17][ UEFN Session] : FortPlaylistAthena /VKEdit/Playlists/Playlist_VK_Edit.Playlist_VK_Edit
[18][ Tutorial] : FortPlaylistAthena /Game/Athena/Playlists/Tutorial/Playlist_Tutorial_1.Playlist_Tutorial_1
[19][ Big Battle] : FortPlaylistAthena /Game/Athena/Playlists/NoBuildBR/Playlist_NoBuildBR_BigBattle.Playlist_NoBuildBR_BigBattle
[20][ Horde Rush] : FortPlaylistAthena /Game/Athena/Playlists/Mash/Playlist_Mash_Squads_Legacy.Playlist_Mash_Squads_Legacy
[21][ Creative] : FortPlaylistAthena /Game/Athena/Playlists/Playground/Playlist_Playground.Playlist_Playground
[22][ Prototype Testing] : FortPlaylistAthena /Game/Athena/Playlists/ItemTest/Playlist_ItemTest.Playlist_ItemTest
[23][ Solid Gold] : FortPlaylistAthena /Game/Athena/Playlists/SolidGold/Playlist_SolidGold_Solo.Playlist_SolidGold_Solo
[24][ Solid Gold] : FortPlaylistAthena /Game/Athena/Playlists/SolidGold/Playlist_SolidGold_Squads.Playlist_SolidGold_Squads
[25][ Solid Gold] : FortPlaylistAthena /Game/Athena/Playlists/SolidGold/Playlist_SolidGold_Duos.Playlist_SolidGold_Duos
[26][ Solid Gold] : FortPlaylistAthena /Game/Athena/Playlists/SolidGold/Playlist_SolidGold_Trios.Playlist_SolidGold_Trios
[27][ Trios] : FortPlaylistAthena /Game/Athena/Playlists/Trios/Playlist_Bots_Trios.Playlist_Bots_Trios
[28][ Trios] : FortPlaylistAthena /Game/Athena/Playlists/Trios/Playlist_Trios.Playlist_Trios
[29][ Squads] : FortPlaylistAthena /Game/Athena/Playlists/Habanero/Playlist_HabaneroSquad.Playlist_HabaneroSquad
[30][ Squads] : FortPlaylistAthena /Game/Athena/Playlists/Habanero/QA/Playlist_HabaneroSquad_80_40.Playlist_HabaneroSquad_80_40
[31][ Squads] : FortPlaylistAthena /Game/Athena/Playlists/Habanero/QA/Playlist_HabaneroSquad_100_30.Playlist_HabaneroSquad_100_30
[32][ Duos] : FortPlaylistAthena /Game/Athena/Playlists/Habanero/Playlist_HabaneroDuo.Playlist_HabaneroDuo
[33][ Throwdown] : FortPlaylistAthena /Game/Athena/Playlists/Toss/Playlist_Toss_Solo.Playlist_Toss_Solo
[34][ Throwdown] : FortPlaylistAthena /Game/Athena/Playlists/Toss/Playlist_Toss_Duos.Playlist_Toss_Duos
[35][ Throwdown] : FortPlaylistAthena /Game/Athena/Playlists/Toss/Playlist_Toss_Squads.Playlist_Toss_Squads
[36][ Throwdown] : FortPlaylistAthena /Game/Athena/Playlists/Toss/Playlist_Toss_Trios.Playlist_Toss_Trios
[37][ Solo] : FortPlaylistAthena /Game/Athena/Playlists/Habanero/Playlist_HabaneroSolo.Playlist_HabaneroSolo
[38][ Tournament] : FortPlaylistAthena /Game/Athena/Playlists/Showdown/Testing/Playlist_ShowdownTesting_Squads.Playlist_ShowdownTesting_Squads
[39][ Squads 23] : FortPlaylistAthena /Game/Athena/Playlists/Playlist_DefaultSquad_Helios.Playlist_DefaultSquad_Helios
[40][ Squads 23] : FortPlaylistAthena /Game/Athena/Playlists/Playlist_DefaultSquad_23.Playlist_DefaultSquad_23
[41][ Squads] : FortPlaylistAthena /Game/Athena/Playlists/Playlist_DefaultSquad.Playlist_DefaultSquad
[42][ Squads] : FortPlaylistAthena /Game/Athena/Playlists/DefaultBots/Playlist_Bots_DefaultSquad.Playlist_Bots_DefaultSquad
[43][ Tournament] : FortPlaylistAthena /Game/Athena/Playlists/Showdown/Testing/Playlist_ShowdownTesting_Trios.Playlist_ShowdownTesting_Trios
[44][ Tournament] : FortPlaylistAthena /Game/Athena/Playlists/Showdown/Tournament/Playlist_ShowdownTournament_Squads.Playlist_ShowdownTournament_Squads
[45][ Squads] : FortPlaylistAthena /Game/Athena/Playlists/Showdown/Custom/Playlist_Showdown_NoBuildBR_CTS_Squads.Playlist_Showdown_NoBuildBR_CTS_Squads
[46][ Squads Tournament] : FortPlaylistAthena /Game/Athena/Playlists/NoBuildBR/Competitive/Playlist_ShowdownTournament_NoBuildBR_NPM_Squads.Playlist_ShowdownTournament_NoBuildBR_NPM_Squads
[47][ Squads Tournament] : FortPlaylistAthena /Game/Athena/Playlists/Showdown/Tournament/RankedCups/Playlist_ShowdownTournament_NoBuildBR_RC_Squads.Playlist_ShowdownTournament_NoBuildBR_RC_Squads
[48][ Tournament] : FortPlaylistAthena /Game/Athena/Playlists/Showdown/Tournament/RankedCups/Playlist_ShowdownTournament_RC_Squads.Playlist_ShowdownTournament_RC_Squads
[49][ Tournament] : FortPlaylistAthena /Game/Athena/Playlists/Showdown/Tournament/Playlist_ShowdownTournament_NPM_Squads.Playlist_ShowdownTournament_NPM_Squads
[50][ Tournament] : FortPlaylistAthena /Game/Athena/Playlists/Showdown/Lightning/Playlist_ShowdownTournament_Gen_Squads.Playlist_ShowdownTournament_Gen_Squads
[51][ Squads] : FortPlaylistAthena /Game/Athena/Playlists/Showdown/Custom/Playlist_Showdown_CTS_Squads.Playlist_Showdown_CTS_Squads
[52][ Squads Tournament] : FortPlaylistAthena /Game/Athena/Playlists/NoBuildBR/Competitive/Playlist_ShowdownTournament_NoBuildBR_Squads.Playlist_ShowdownTournament_NoBuildBR_Squads
[53][ Trios] : FortPlaylistAthena /Game/Athena/Playlists/Showdown/Custom/Playlist_Showdown_NoBuildBR_CTS_Trios.Playlist_Showdown_NoBuildBR_CTS_Trios
[54][ Trios Tournament] : FortPlaylistAthena /Game/Athena/Playlists/NoBuildBR/Competitive/Playlist_ShowdownTournament_NoBuildBR_Trios.Playlist_ShowdownTournament_NoBuildBR_Trios
[55][ Trios Tournament] : FortPlaylistAthena /Game/Athena/Playlists/NoBuildBR/Competitive/Playlist_ShowdownTournament_NoBuildBR_NPM_Trios.Playlist_ShowdownTournament_NoBuildBR_NPM_Trios
[56][ Tournament] : FortPlaylistAthena /Game/Athena/Playlists/Showdown/Tournament/Playlist_ShowdownTournament_Trios.Playlist_ShowdownTournament_Trios
[57][ Tournament] : FortPlaylistAthena /Game/Athena/Playlists/Showdown/Tournament/Playlist_ShowdownScrims_Trios.Playlist_ShowdownScrims_Trios
[58][ Tournament] : FortPlaylistAthena /Game/Athena/Playlists/Showdown/Tournament/FNCS/Playlist_ShowdownTournament_FNCS_PBM_Trios.Playlist_ShowdownTournament_FNCS_PBM_Trios
[59][ Trios Tournament] : FortPlaylistAthena /Game/Athena/Playlists/Showdown/Tournament/FillOnly/Playlist_ShowdownTournament_FillOnly_ZBM_Trios.Playlist_ShowdownTournament_FillOnly_ZBM_Trios
[60][ Trios] : FortPlaylistAthena /Game/Athena/Playlists/Showdown/Custom/Playlist_Showdown_CTS_Trios.Playlist_Showdown_CTS_Trios
[61][ Tournament] : FortPlaylistAthena /Game/Athena/Playlists/Showdown/Tournament/FNCS/Playlist_ShowdownTournament_FNCS_NPM_Trios.Playlist_ShowdownTournament_FNCS_NPM_Trios
[62][ Tournament] : FortPlaylistAthena /Game/Athena/Playlists/Showdown/Tournament/Playlist_ShowdownTournament_NPM_Trios.Playlist_ShowdownTournament_NPM_Trios
[63][ Tournament] : FortPlaylistAthena /Game/Athena/Playlists/Showdown/Lightning/Playlist_ShowdownTournament_Gen_Trios.Playlist_ShowdownTournament_Gen_Trios
[64][ Arena] : FortPlaylistAthena /Game/Athena/Playlists/NoBuildBR/Competitive/Playlist_ShowdownAlt_NoBuildBR_Trios.Playlist_ShowdownAlt_NoBuildBR_Trios
[65][ Arena] : FortPlaylistAthena /Game/Athena/Playlists/Showdown/Playlist_ShowdownAlt_Squads.Playlist_ShowdownAlt_Squads
[66][ Tournament] : FortPlaylistAthena /Game/Athena/Playlists/Showdown/Playlist_Showdown_Squads.Playlist_Showdown_Squads
[67][ Tournament] : FortPlaylistAthena /Game/Athena/Playlists/Showdown/Playlist_ShowdownAlt_Trios.Playlist_ShowdownAlt_Trios
[68][ Tournament] : FortPlaylistAthena /Game/Athena/Playlists/Showdown/Testing/Playlist_ShowdownTesting_Duos.Playlist_ShowdownTesting_Duos
[69][ Duos] : FortPlaylistAthena /Game/Athena/Playlists/Playlist_DefaultDuo.Playlist_DefaultDuo
[70][ Duos] : FortPlaylistAthena /Game/Athena/Playlists/DefaultBots/Playlist_Bots_DefaultDuo.Playlist_Bots_DefaultDuo
[71][ Tournament] : FortPlaylistAthena /Game/Athena/Playlists/Showdown/Tournament/Playlist_ShowdownTournament_Duos.Playlist_ShowdownTournament_Duos
[72][ Tournament] : FortPlaylistAthena /Game/Athena/Playlists/Showdown/Tournament/Playlist_ShowdownScrims_Duos.Playlist_ShowdownScrims_Duos
[73][ Tournament] : FortPlaylistAthena /Game/Athena/Playlists/Showdown/Tournament/FNCS/Playlist_ShowdownTournament_FNCS_Duos.Playlist_ShowdownTournament_FNCS_Duos
[74][ Tournament] : FortPlaylistAthena /Game/Athena/Playlists/Showdown/Lightning/Playlist_ShowdownTournament_Duos_DS.Playlist_ShowdownTournament_Duos_DS
[75][ Tournament] : FortPlaylistAthena /Game/Athena/Playlists/Showdown/Tournament/RankedCups/Playlist_ShowdownTournament_RC_Duos.Playlist_ShowdownTournament_RC_Duos
[76][ Tournament] : FortPlaylistAthena /Game/Athena/Playlists/Showdown/Tournament/FNCS/Playlist_ShowdownTournament_FNCS_Duos_JIP.Playlist_ShowdownTournament_FNCS_Duos_JIP
[77][ Tournament] : FortPlaylistAthena /Game/Athena/Playlists/Showdown/Tournament/FNCS/Playlist_ShowdownTournament_FNCS_NPM_Duos.Playlist_ShowdownTournament_FNCS_NPM_Duos
[78][ Tournament] : FortPlaylistAthena /Game/Athena/Playlists/Showdown/Tournament/FNCS/Playlist_ShowdownTournament_FNCS_PBM_Duos.Playlist_ShowdownTournament_FNCS_PBM_Duos
[79][ Duos Tournament] : FortPlaylistAthena /Game/Athena/Playlists/Showdown/Tournament/RankedCups/Playlist_ShowdownTournament_NoBuildBR_RC_Duos.Playlist_ShowdownTournament_NoBuildBR_RC_Duos
[80][ Tournament] : FortPlaylistAthena /Game/Athena/Playlists/Showdown/Tournament/FillOnly/Playlist_ShowdownTournament_FillOnly_Duos.Playlist_ShowdownTournament_FillOnly_Duos
[81][ Duos Tournament] : FortPlaylistAthena /Game/Athena/Playlists/Showdown/Tournament/FillOnly/Playlist_ShowdownTournament_FillOnly_ZBM_Duos.Playlist_ShowdownTournament_FillOnly_ZBM_Duos
[82][ Tournament] : FortPlaylistAthena /Game/Athena/Playlists/Showdown/Tournament/Playlist_ShowdownTournament_NPM_Duos.Playlist_ShowdownTournament_NPM_Duos
[83][ Tournament] : FortPlaylistAthena /Game/Athena/Playlists/Showdown/Lightning/Playlist_ShowdownTournament_ZF_Duos.Playlist_ShowdownTournament_ZF_Duos
[84][ Tournament] : FortPlaylistAthena /Game/Athena/Playlists/Showdown/Testing/Playlist_ShowdownTournament_DefaultDuo.Playlist_ShowdownTournament_DefaultDuo
[85][ Tournament] : FortPlaylistAthena /Game/Athena/Playlists/Showdown/Lightning/Playlist_ShowdownTournament_LS_Duos.Playlist_ShowdownTournament_LS_Duos
[86][ Duos Tournament] : FortPlaylistAthena /Game/Athena/Playlists/Showdown/Lightning/Playlist_ShowdownTournament_NoBuildBR_CRS_Duos.Playlist_ShowdownTournament_NoBuildBR_CRS_Duos
[87][ Tournament] : FortPlaylistAthena /Game/Athena/Playlists/Showdown/Lightning/Playlist_ShowdownTournament_Gen_Duos.Playlist_ShowdownTournament_Gen_Duos
[88][ Duos] : FortPlaylistAthena /Game/Athena/Playlists/Showdown/Custom/Playlist_Showdown_NoBuildBR_CTS_Duos.Playlist_Showdown_NoBuildBR_CTS_Duos
[89][ Tournament] : FortPlaylistAthena /Game/Athena/Playlists/Showdown/Lightning/Playlist_ShowdownTournament_Architect_Duos.Playlist_ShowdownTournament_Architect_Duos
[90][ Duos] : FortPlaylistAthena /Game/Athena/Playlists/Showdown/Custom/Playlist_Showdown_CTS_Duos.Playlist_Showdown_CTS_Duos
[91][ Duos Tournament] : FortPlaylistAthena /Game/Athena/Playlists/NoBuildBR/Competitive/Playlist_ShowdownTournament_NoBuildBR_NPM_Duos.Playlist_ShowdownTournament_NoBuildBR_NPM_Duos
[92][ Duos Tournament] : FortPlaylistAthena /Game/Athena/Playlists/NoBuildBR/Competitive/Playlist_ShowdownTournament_NoBuildBR_Duos.Playlist_ShowdownTournament_NoBuildBR_Duos
[93][ Duos Tournament] : FortPlaylistAthena /Game/Athena/Playlists/NoBuildBR/Competitive/Playlist_ShowdownTournament_NoBuildBR_Duos_DS.Playlist_ShowdownTournament_NoBuildBR_Duos_DS
[94][ Duos Tournament] : FortPlaylistAthena /Game/Athena/Playlists/NoBuildBR/Competitive/Playlist_ShowdownTournament_NoBuildBR_Headset_Duos.Playlist_ShowdownTournament_NoBuildBR_Headset_Duos
[95][ Arena] : FortPlaylistAthena /Game/Athena/Playlists/NoBuildBR/Competitive/Playlist_ShowdownAlt_NoBuildBR_Duos.Playlist_ShowdownAlt_NoBuildBR_Duos
[96][ Arena] : FortPlaylistAthena /Game/Athena/Playlists/Showdown/Playlist_ShowdownAlt_Duos.Playlist_ShowdownAlt_Duos
[97][ Tournament] : FortPlaylistAthena /Game/Athena/Playlists/Showdown/Playlist_Showdown_Duos.Playlist_Showdown_Duos
[98][ Tournament] : FortPlaylistAthena /Game/Athena/Playlists/Showdown/Playlist_Showdown_Trios.Playlist_Showdown_Trios
[99][ Tournament] : FortPlaylistAthena /Game/Athena/Playlists/Showdown/Testing/Playlist_ShowdownTesting_Solo.Playlist_ShowdownTesting_Solo
[100][ Solo (AIProfiling)] : FortPlaylistAthena /Game/Athena/Playlists/AI/Playlist_DefaultSolo_AIProfiling.Playlist_DefaultSolo_AIProfiling
[101][ Save the World] : FortPlaylistAthena /Game/Athena/Playlists/Campaign/Campaign.Campaign
[102][ Metal Moshpit] : FortPlaylistAthena /Game/Athena/Playlists/MoonJade/Playlist_BR_Lite.Playlist_BR_Lite
[103][ Solo] : FortPlaylistAthena /Game/Athena/Playlists/Playlist_DefaultSolo.Playlist_DefaultSolo
[104][ Solo] : FortPlaylistAthena /Game/Athena/Playlists/Playlist_DefaultPIE.Playlist_DefaultPIE
[105][ Solo] : FortPlaylistAthena /Game/Athena/Playlists/DefaultBots/Playlist_Bots_DefaultSolo.Playlist_Bots_DefaultSolo
[106][ Tournament] : FortPlaylistAthena /Game/Athena/Playlists/Showdown/Tournament/Playlist_ShowdownTournament_Solo_Test.Playlist_ShowdownTournament_Solo_Test
[107][ Tournament] : FortPlaylistAthena /Game/Athena/Playlists/Showdown/Tournament/Playlist_ShowdownScrims_Solo.Playlist_ShowdownScrims_Solo
[108][ Tournament] : FortPlaylistAthena /Game/Athena/Playlists/Showdown/Tournament/Playlist_ShowdownTournament_Solo.Playlist_ShowdownTournament_Solo
[109][ Tournament] : FortPlaylistAthena /Game/Athena/Playlists/Showdown/Tournament/Playlist_ShowdownTournament_Solo_QA.Playlist_ShowdownTournament_Solo_QA
[110][ Solo Tournament] : FortPlaylistAthena /Game/Athena/Playlists/Showdown/Tournament/RankedCups/Playlist_ShowdownTournament_NoBuildBR_RC_Solo.Playlist_ShowdownTournament_NoBuildBR_RC_Solo
[111][ Tournament] : FortPlaylistAthena /Game/Athena/Playlists/Showdown/Tournament/RankedCups/Playlist_ShowdownTournament_RC_Solo.Playlist_ShowdownTournament_RC_Solo
[112][ Tournament] : FortPlaylistAthena /Game/Athena/Playlists/Showdown/Lightning/Playlist_ShowdownTournament_Gen_Solo.Playlist_ShowdownTournament_Gen_Solo
[113][ Solo] : FortPlaylistAthena /Game/Athena/Playlists/Showdown/Custom/Playlist_Showdown_CTS_Solo.Playlist_Showdown_CTS_Solo
[114][ Tournament] : FortPlaylistAthena /Game/Athena/Playlists/Showdown/Lightning/Playlist_ShowdownTournament_LS_Solo.Playlist_ShowdownTournament_LS_Solo
[115][ Tournament] : FortPlaylistAthena /Game/Athena/Playlists/Showdown/Tournament/Playlist_ShowdownTournament_NPM_Solo.Playlist_ShowdownTournament_NPM_Solo
[116][ Solo Tournament] : FortPlaylistAthena /Game/Athena/Playlists/NoBuildBR/Competitive/Playlist_ShowdownTournament_NoBuildBR_Solo.Playlist_ShowdownTournament_NoBuildBR_Solo
[117][ Arena] : FortPlaylistAthena /Game/Athena/Playlists/NoBuildBR/Competitive/Playlist_ShowdownAlt_NoBuildBR_Solo.Playlist_ShowdownAlt_NoBuildBR_Solo
[118][ Solo] : FortPlaylistAthena /Game/Athena/Playlists/Showdown/Custom/Playlist_Showdown_NoBuildBR_CTS_Solo.Playlist_Showdown_NoBuildBR_CTS_Solo
[119][ Solo Tournament] : FortPlaylistAthena /Game/Athena/Playlists/NoBuildBR/Competitive/Playlist_ShowdownTournament_NoBuildBR_NPM_Solo.Playlist_ShowdownTournament_NoBuildBR_NPM_Solo
[120][ Arena] : FortPlaylistAthena /Game/Athena/Playlists/NoBuildBR/Competitive/Playlist_ShowdownAlt_NoBuildBR_Squads.Playlist_ShowdownAlt_NoBuildBR_Squads
[121][ Arena] : FortPlaylistAthena /Game/Athena/Playlists/Showdown/Playlist_ShowdownAlt_Solo.Playlist_ShowdownAlt_Solo
[122][ Tournament] : FortPlaylistAthena /Game/Athena/Playlists/Showdown/Playlist_Showdown_Solo.Playlist_Showdown_Solo
[123][ Arena] : FortPlaylistAthena /Game/Athena/Playlists/Showdown/Playlist_ShowdownAlt_Solo_QA.Playlist_ShowdownAlt_Solo_QA
[124][ Trios] : FortPlaylistAthena /Game/Athena/Playlists/Habanero/Playlist_HabaneroTrio.Playlist_HabaneroTrio
[125][ Party Royale] : FortPlaylistAthena /PapayaGameplay/Athena/Playlists/Papaya/Playlist_Papaya.Playlist_Papaya
[126][ Tutorial] : FortPlaylistAthena /Game/Athena/Playlists/Tutorial/Playlist_Tutorial_DefensiveBuilding.Playlist_Tutorial_DefensiveBuilding
[127][ CREATIVE MATCHMAKING] : FortPlaylistAthena /Game/Athena/Playlists/Creative/Creative_PlayOnlyPlaylists/Playlist_Creative_Play_V2.Playlist_Creative_Play_V2
[128][ Creative] : FortPlaylistAthena /Game/Athena/Playlists/Creative/Playlist_PlaygroundV2.Playlist_PlaygroundV2
[129][ [PH] Split Storm MidGame] : FortPlaylistAthena /StormShieldModifier/Playlists/Playlist_StormTest_Squad_Mid.Playlist_StormTest_Squad_Mid
[130][ Squads] : FortPlaylistAthena /PaprikaCore/Playlists/Playlist_PaprikaSquad.Playlist_PaprikaSquad
[131][ Team Rumble] : FortPlaylistAthena /Rumble/Playlists/Playlist_Respawn_24_Alt.Playlist_Respawn_24_Alt
[132][ Contextual Action Proto] : FortPlaylistAthena /ContextualActionContent/Playlists/Playlist_ContextualActionProto.Playlist_ContextualActionProto
[133][ Locomotion Initiative] : FortPlaylistAthena /LocomotionInitiative/Playlists/Playlist_LocomotionInitiative.Playlist_LocomotionInitiative
[134][ SoloML] : FortPlaylistAthena /MinimalLobbyPlaylists/Playlists/Playlist_DefaultSolo_MinimalLobby.Playlist_DefaultSolo_MinimalLobby
[135][ Paprika Playtest] : FortPlaylistAthena /PaprikaCore/Playlists/Playlist_PaprikaPlaytest.Playlist_PaprikaPlaytest
[136][ Storm Test Build Squads] : FortPlaylistAthena /StormShieldModifier/Playlists/Playlist_StormDataTest_Squad.Playlist_StormDataTest_Squad
[137][ beantest] : FortPlaylistAthena /Beanstalk/Playlist_Beanstalk.Playlist_Beanstalk
[138][ [PH] Split Storm Endgame] : FortPlaylistAthena /StormShieldModifier/Playlists/Playlist_StormTest_Squad.Playlist_StormTest_Squad
[139][ Ship It! Express] : FortPlaylistAthena /Deliver/Playlists/Playlist_Deliver_Squads_ZB.Playlist_Deliver_Squads_ZB
[140][ Squads] : FortPlaylistAthena /Deliver/Playlists/Playlist_Deliver_Squads.Playlist_Deliver_Squads
[141][ Reload - Trio] : FortPlaylistAthena /BlastBerry/Playlists/Playlist_BlastBerryTrio.Playlist_BlastBerryTrio
[142][ Reload - Trio] : FortPlaylistAthena /BlastBerry/Playlists/Playlist_SunflowerTrio.Playlist_SunflowerTrio
[143][ Reload - Duo] : FortPlaylistAthena /BlastBerry/Playlists/Habanero/Playlist_Habanero_Sunflower_Duos.Playlist_Habanero_Sunflower_Duos
[144][ Reload - Duo] : FortPlaylistAthena /BlastBerry/Playlists/Comp/Playlist_ShowdownTournament_SunflowerDuo_NoFill.Playlist_ShowdownTournament_SunflowerDuo_NoFill
[145][ Reload - Duo] : FortPlaylistAthena /BlastBerry/Playlists/Habanero/Playlist_Habanero_BlastBerry_Duos.Playlist_Habanero_BlastBerry_Duos
[146][ Reload - Duo] : FortPlaylistAthena /BlastBerry/Playlists/Comp/Playlist_ShowdownTournament_SunflowerDuo_Fill.Playlist_ShowdownTournament_SunflowerDuo_Fill
[147][ Reload - Duo] : FortPlaylistAthena /BlastBerry/Playlists/Comp/Playlist_ShowdownTournament_BlastBerryDuo_Fill.Playlist_ShowdownTournament_BlastBerryDuo_Fill
[148][ Reload - Duo] : FortPlaylistAthena /BlastBerry/Playlists/Comp/Playlist_ShowdownTournament_BlastBerryDuo_NoFill.Playlist_ShowdownTournament_BlastBerryDuo_NoFill
[149][ Reload - Duo] : FortPlaylistAthena /BlastBerry/Playlists/Playlist_SunflowerDuo.Playlist_SunflowerDuo
[150][ Reload - Duo] : FortPlaylistAthena /BlastBerry/Playlists/Playlist_BlastBerryDuo.Playlist_BlastBerryDuo
[151][ Reload - Zero Build Squads] : FortPlaylistAthena /BlastBerry/Playlists/Habanero/Playlist_Habanero_NoBuild_BlastBerry_Squads.Playlist_Habanero_NoBuild_BlastBerry_Squads
[152][ Reload - Zero Build Squads] : FortPlaylistAthena /BlastBerry/Playlists/Habanero/Playlist_Habanero_NoBuild_Sunflower_Squads.Playlist_Habanero_NoBuild_Sunflower_Squads
[153][ Reload - Zero Build Squads] : FortPlaylistAthena /BlastBerry/Playlists/Comp/Playlist_ShowdownTournament_SunflowerNoBuildSquad_Fill.Playlist_ShowdownTournament_SunflowerNoBuildSquad_Fill
[154][ Reload - Zero Build Squads] : FortPlaylistAthena /BlastBerry/Playlists/Comp/Playlist_ShowdownTournament_SunflowerNoBuildSquad_NoFill.Playlist_ShowdownTournament_SunflowerNoBuildSquad_NoFill
[155][ Reload - Zero Build Squads] : FortPlaylistAthena /BlastBerry/Playlists/Comp/Playlist_ShowdownTournament_BlastBerryNoBuildSquad_NoFill.Playlist_ShowdownTournament_BlastBerryNoBuildSquad_NoFill
[156][ Reload - Zero Build Squads] : FortPlaylistAthena /BlastBerry/Playlists/Comp/Playlist_ShowdownTournament_BlastBerryNoBuildSquad_Fill.Playlist_ShowdownTournament_BlastBerryNoBuildSquad_Fill
[157][ Reload - Zero Build Squads] : FortPlaylistAthena /BlastBerry/Playlists/Playlist_BlastBerryNoBuildSquad.Playlist_BlastBerryNoBuildSquad
[158][ Reload - Zero Build Squads] : FortPlaylistAthena /BlastBerry/Playlists/Playlist_SunflowerNoBuildSquad.Playlist_SunflowerNoBuildSquad
[159][ Storm Test ZeroBuild Squads] : FortPlaylistAthena /StormShieldModifier/Playlists/Playlist_NoBuildBR_Squad_Storm_Data_Test.Playlist_NoBuildBR_Squad_Storm_Data_Test
[160][ Reload - Squads] : FortPlaylistAthena /BlastBerry/Playlists/Habanero/Playlist_Habanero_BlastBerry_Squads.Playlist_Habanero_BlastBerry_Squads
[161][ Reload - Squads] : FortPlaylistAthena /BlastBerry/Playlists/Habanero/Playlist_Habanero_Sunflower_Squads.Playlist_Habanero_Sunflower_Squads
[162][ Reload - Squads] : FortPlaylistAthena /BlastBerry/Playlists/Comp/Playlist_ShowdownTournament_SunflowerSquad_Fill.Playlist_ShowdownTournament_SunflowerSquad_Fill
[163][ Reload - Squads] : FortPlaylistAthena /BlastBerry/Playlists/Comp/Playlist_ShowdownTournament_BlastBerrySquad_NoFill.Playlist_ShowdownTournament_BlastBerrySquad_NoFill
[164][ Reload - Squads] : FortPlaylistAthena /BlastBerry/Playlists/Comp/Playlist_ShowdownTournament_BlastBerrySquad_Fill.Playlist_ShowdownTournament_BlastBerrySquad_Fill
[165][ Reload - Squads] : FortPlaylistAthena /BlastBerry/Playlists/Comp/Playlist_ShowdownTournament_SunflowerSquad_NoFill.Playlist_ShowdownTournament_SunflowerSquad_NoFill
[166][ Reload - Squads] : FortPlaylistAthena /BlastBerry/Playlists/Playlist_BlastBerrySquad.Playlist_BlastBerrySquad
[167][ Reload - Squads] : FortPlaylistAthena /BlastBerry/Playlists/Playlist_SunflowerSquad.Playlist_SunflowerSquad
[168][ Reload - Zero Build Trio] : FortPlaylistAthena /BlastBerry/Playlists/Playlist_SunflowerNoBuildTrio.Playlist_SunflowerNoBuildTrio
[169][ Reload - Zero Build Trio] : FortPlaylistAthena /BlastBerry/Playlists/Playlist_BlastBerryNoBuildTrio.Playlist_BlastBerryNoBuildTrio
[170][ Reload - Solo] : FortPlaylistAthena /BlastBerry/Playlists/Playlist_BlastBerrySolo2.Playlist_BlastBerrySolo2
[171][ Reload - Solo] : FortPlaylistAthena /BlastBerry/Playlists/Playlist_SunflowerSolo.Playlist_SunflowerSolo
[172][ Reload - Solo] : FortPlaylistAthena /BlastBerry/Playlists/Playlist_BlastBerrySolo.Playlist_BlastBerrySolo
[173][ Reload - Zero Build Solo] : FortPlaylistAthena /BlastBerry/Playlists/Playlist_SunflowerNoBuildSolo.Playlist_SunflowerNoBuildSolo
[174][ Reload - Zero Build Solo] : FortPlaylistAthena /BlastBerry/Playlists/Playlist_BlastBerryNoBuildSolo.Playlist_BlastBerryNoBuildSolo
[175][ Reload - Zero Build Duo] : FortPlaylistAthena /BlastBerry/Playlists/Comp/Playlist_ShowdownTournament_SunflowerNoBuildDuo_Fill.Playlist_ShowdownTournament_SunflowerNoBuildDuo_Fill
[176][ Reload - Zero Build Duo] : FortPlaylistAthena /BlastBerry/Playlists/Habanero/Playlist_Habanero_NoBuild_Sunflower_Duos.Playlist_Habanero_NoBuild_Sunflower_Duos
[177][ Reload - Zero Build Duo] : FortPlaylistAthena /BlastBerry/Playlists/Habanero/Playlist_Habanero_NoBuild_BlastBerry_Duos.Playlist_Habanero_NoBuild_BlastBerry_Duos
[178][ Reload - Zero Build Duo] : FortPlaylistAthena /BlastBerry/Playlists/Comp/Playlist_ShowdownTournament_SunflowerNoBuildDuo_NoFill.Playlist_ShowdownTournament_SunflowerNoBuildDuo_NoFill
[179][ Reload - Zero Build Duo] : FortPlaylistAthena /BlastBerry/Playlists/Comp/Playlist_ShowdownTournament_BlastBerryNoBuildDuo_NoFill.Playlist_ShowdownTournament_BlastBerryNoBuildDuo_NoFill
[180][ Reload - Zero Build Duo] : FortPlaylistAthena /BlastBerry/Playlists/Comp/Playlist_ShowdownTournament_BlastBerryNoBuildDuo_Fill.Playlist_ShowdownTournament_BlastBerryNoBuildDuo_Fill
[181][ Reload - Zero Build Duo] : FortPlaylistAthena /BlastBerry/Playlists/Playlist_SunflowerNoBuildDuo.Playlist_SunflowerNoBuildDuo
[182][ Reload - Zero Build Duo] : FortPlaylistAthena /BlastBerry/Playlists/Playlist_BlastBerryNoBuildDuo.Playlist_BlastBerryNoBuildDuo
[183][ Festival Main Stage] : FortPlaylistAthena /SparksLobby/Playlist/Playlist_PilgrimQuickplay.Playlist_PilgrimQuickplay
[184][ Festival Battle Stage] : FortPlaylistAthena /SparksLobby/Playlist/Playlist_PilgrimBattleStage.Playlist_PilgrimBattleStage
[185][ Festival Jam Stage] : FortPlaylistAthena /SparksLobby/Playlist/Playlist_FMClubIsland.Playlist_FMClubIsland
[186][ Del Mar - Speed Run Rotation] : FortPlaylistAthena /DelMarCore/Playlists/Root/Playlist_DelMar_SpeedRun_Advanced_Root.Playlist_DelMar_SpeedRun_Advanced_Root
[187][ Del Mar - Speed Run Rotation] : FortPlaylistAthena /DelMarCore/Playlists/Root/Playlist_DelMar_SpeedRun_Root.Playlist_DelMar_SpeedRun_Root
[188][ Del Mar - Competitive Rotation] : FortPlaylistAthena /DelMarCore/Playlists/Root/Playlist_DelMar_RankedTest_Root.Playlist_DelMar_RankedTest_Root
[189][ Del Mar - Competitive Rotation] : FortPlaylistAthena /DelMarCore/Playlists/Root/Playlist_DelMar_Racing_Root.Playlist_DelMar_Racing_Root
[190][ Del Mar - Competitive Mode] : FortPlaylistAthena /DelMarCore/Playlists/QA_Playlists/Playlist_DelMar_Habanero_Competitive_QA_3.Playlist_DelMar_Habanero_Competitive_QA_3
[191][ Del Mar] : FortPlaylistAthena /DelMarCore/Playlists/Playlist_DelMar.Playlist_DelMar
[192][ Del Mar - Competitive Mode] : FortPlaylistAthena /DelMarCore/Playlists/QA_Playlists/Playlist_DelMar_Habanero_Competitive_QA_2.Playlist_DelMar_Habanero_Competitive_QA_2
[193][ Del Mar - Challenge Mode] : FortPlaylistAthena /DelMarCore/Playlists/Playlist_DelMar_Challenge.Playlist_DelMar_Challenge
[194][ Del Mar - Easy Rider] : FortPlaylistAthena /DelMarCore/Playlists/Playlist_DelMar_Competitive_EasyRider.Playlist_DelMar_Competitive_EasyRider
[195][ Del Mar - Competitive Mode] : FortPlaylistAthena /DelMarCore/Playlists/Playlist_DelMar_Competitive_Alternate.Playlist_DelMar_Competitive_Alternate
[196][ Del Mar - Perf Test 01] : FortPlaylistAthena /DelMarCore/Playlists/Playlist_DelMar_Competitive_PerfTest01.Playlist_DelMar_Competitive_PerfTest01
[197][ Del Mar - Death Race Mode] : FortPlaylistAthena /DelMarCore/Playlists/Playlist_DelMar_DeathRace.Playlist_DelMar_DeathRace
[198][ Del Mar - Competitive Mode] : FortPlaylistAthena /DelMarCore/Playlists/Playlist_DelMar_Competitive.Playlist_DelMar_Competitive
[199][ Del Mar - Competitive Rotation] : FortPlaylistAthena /DelMarCore/Playlists/Playlist_DelMar_Competitive_Rotation.Playlist_DelMar_Competitive_Rotation
[200][ Del Mar - Competitive Rotation] : FortPlaylistAthena /DelMarCore/Playlists/Levels/Playlist_DelMar_Alpine.Playlist_DelMar_Alpine
[201][ Del Mar - Competitive Mode] : FortPlaylistAthena /DelMarCore/Playlists/Playlist_DelMar_Habanero_Competitive.Playlist_DelMar_Habanero_Competitive
[202][ Del Mar - Competitive Mode] : FortPlaylistAthena /DelMarCore/Playlists/Playlist_DelMar_Habanero_Competitive_Alternate.Playlist_DelMar_Habanero_Competitive_Alternate
[203][ Del Mar - Competitive Rotation] : FortPlaylistAthena /DelMarCore/Playlists/Levels/Playlist_DelMar_Apollo_Ranked.Playlist_DelMar_Apollo_Ranked
[204][ Del Mar - Competitive Rotation] : FortPlaylistAthena /DelMarCore/Playlists/Levels/Playlist_DelMar_Borealis.Playlist_DelMar_Borealis
[205][ Del Mar - Competitive Rotation] : FortPlaylistAthena /DelMarCore/Playlists/Levels/Playlist_DelMar_Aqueduct.Playlist_DelMar_Aqueduct
[206][ Del Mar - Competitive Rotation] : FortPlaylistAthena /DelMarCore/Playlists/Levels/Playlist_DelMar_Bronze01Adv_Racing.Playlist_DelMar_Bronze01Adv_Racing
[207][ Del Mar - Competitive Rotation] : FortPlaylistAthena /DelMarCore/Playlists/Levels/Playlist_DelMar_Bronze02_NUX.Playlist_DelMar_Bronze02_NUX
[208][ Del Mar - Competitive Rotation] : FortPlaylistAthena /DelMarCore/Playlists/Levels/Playlist_DelMar_Bronze01_Ranked.Playlist_DelMar_Bronze01_Ranked
[209][ Del Mar - Competitive Rotation] : FortPlaylistAthena /DelMarCore/Playlists/Levels/Playlist_DelMar_Bronze02_Ranked.Playlist_DelMar_Bronze02_Ranked
[210][ Del Mar - Competitive Rotation] : FortPlaylistAthena /DelMarCore/Playlists/Levels/Playlist_DelMar_Bronze02_Racing.Playlist_DelMar_Bronze02_Racing
[211][ Del Mar - Competitive Rotation] : FortPlaylistAthena /DelMarCore/Playlists/Levels/Playlist_DelMar_Bronze03_Racing.Playlist_DelMar_Bronze03_Racing
[212][ Del Mar - Competitive Rotation] : FortPlaylistAthena /DelMarCore/Playlists/Levels/Playlist_DelMar_Bronze02Adv_Racing.Playlist_DelMar_Bronze02Adv_Racing
[213][ Del Mar - Competitive Rotation] : FortPlaylistAthena /DelMarCore/Playlists/Levels/Playlist_DelMar_Bronze02Adv_Ranked.Playlist_DelMar_Bronze02Adv_Ranked
[214][ Del Mar - Competitive Rotation] : FortPlaylistAthena /DelMarCore/Playlists/Levels/Playlist_DelMar_Bronze03Adv_Racing.Playlist_DelMar_Bronze03Adv_Racing
[215][ Del Mar - Competitive Rotation] : FortPlaylistAthena /DelMarCore/Playlists/Levels/Playlist_DelMar_Bronze04_Ranked.Playlist_DelMar_Bronze04_Ranked
[216][ Del Mar - Competitive Rotation] : FortPlaylistAthena /DelMarCore/Playlists/Levels/Playlist_DelMar_Bronze04Adv_Racing.Playlist_DelMar_Bronze04Adv_Racing
[217][ Del Mar - Competitive Rotation] : FortPlaylistAthena /DelMarCore/Playlists/Levels/Playlist_DelMar_Bronze04_Racing.Playlist_DelMar_Bronze04_Racing
[218][ Del Mar - Competitive Rotation] : FortPlaylistAthena /DelMarCore/Playlists/Levels/Playlist_DelMar_Bronze04Adv_Ranked.Playlist_DelMar_Bronze04Adv_Ranked
[219][ Del Mar - Competitive Rotation] : FortPlaylistAthena /DelMarCore/Playlists/Levels/Playlist_DelMar_Bronze06_Racing.Playlist_DelMar_Bronze06_Racing
[220][ Del Mar - Competitive Rotation] : FortPlaylistAthena /DelMarCore/Playlists/Levels/Playlist_DelMar_Bronze06_NUX.Playlist_DelMar_Bronze06_NUX
[221][ Del Mar - Competitive Rotation] : FortPlaylistAthena /DelMarCore/Playlists/Levels/Playlist_DelMar_Bronze06Adv_Racing.Playlist_DelMar_Bronze06Adv_Racing
[222][ Del Mar - Competitive Rotation] : FortPlaylistAthena /DelMarCore/Playlists/Levels/Playlist_DelMar_Bronze06Adv_Ranked.Playlist_DelMar_Bronze06Adv_Ranked
[223][ Del Mar - Competitive Rotation] : FortPlaylistAthena /DelMarCore/Playlists/Levels/Playlist_DelMar_Bronze09Drifting_NUX.Playlist_DelMar_Bronze09Drifting_NUX
[224][ Del Mar - Competitive Rotation] : FortPlaylistAthena /DelMarCore/Playlists/Levels/Playlist_DelMar_Bronze07.Playlist_DelMar_Bronze07
[225][ Del Mar - Competitive Rotation] : FortPlaylistAthena /DelMarCore/Playlists/Levels/Playlist_DelMar_Bronze09Drifting_Ranked.Playlist_DelMar_Bronze09Drifting_Ranked
[226][ Del Mar - Competitive Rotation] : FortPlaylistAthena /DelMarCore/Playlists/Levels/Playlist_DelMar_Bronze09DriftingAdv_Racing.Playlist_DelMar_Bronze09DriftingAdv_Racing
[227][ Del Mar - Competitive Rotation] : FortPlaylistAthena /DelMarCore/Playlists/Levels/Playlist_DelMar_Bronze09DriftingAdv_Ranked.Playlist_DelMar_Bronze09DriftingAdv_Ranked
[228][ Del Mar - Competitive Rotation] : FortPlaylistAthena /DelMarCore/Playlists/Levels/Playlist_DelMar_Bronze09Flying_Racing.Playlist_DelMar_Bronze09Flying_Racing
[229][ Del Mar - Competitive Rotation] : FortPlaylistAthena /DelMarCore/Playlists/Levels/Playlist_DelMar_Bronze09FlyingAdv_Racing.Playlist_DelMar_Bronze09FlyingAdv_Racing
[230][ Del Mar - Competitive Rotation] : FortPlaylistAthena /DelMarCore/Playlists/Levels/Playlist_DelMar_Bronze09Flying_Ranked.Playlist_DelMar_Bronze09Flying_Ranked
[231][ Del Mar - Competitive Rotation] : FortPlaylistAthena /DelMarCore/Playlists/Levels/Playlist_DelMar_Bronze10_NUX.Playlist_DelMar_Bronze10_NUX
[232][ Del Mar - Competitive Rotation] : FortPlaylistAthena /DelMarCore/Playlists/Levels/Playlist_DelMar_Bronze09FlyingAdv_Ranked.Playlist_DelMar_Bronze09FlyingAdv_Ranked
[233][ Del Mar - Competitive Rotation] : FortPlaylistAthena /DelMarCore/Playlists/Levels/Playlist_DelMar_Bronze10_Ranked.Playlist_DelMar_Bronze10_Ranked
[234][ Del Mar - Competitive Rotation] : FortPlaylistAthena /DelMarCore/Playlists/Levels/Playlist_DelMar_Bronze10_Racing.Playlist_DelMar_Bronze10_Racing
[235][ Del Mar - Competitive Rotation] : FortPlaylistAthena /DelMarCore/Playlists/Levels/Playlist_DelMar_Bronze10Adv_Racing.Playlist_DelMar_Bronze10Adv_Racing
[236][ Del Mar - Competitive Rotation] : FortPlaylistAthena /DelMarCore/Playlists/Levels/Playlist_DelMar_Bronze10Adv_Ranked.Playlist_DelMar_Bronze10Adv_Ranked
[237][ Del Mar - Competitive Rotation] : FortPlaylistAthena /DelMarCore/Playlists/Levels/Playlist_DelMar_CoralCove.Playlist_DelMar_CoralCove
[238][ Del Mar - Competitive Rotation] : FortPlaylistAthena /DelMarCore/Playlists/Levels/Playlist_DelMar_Cascade.Playlist_DelMar_Cascade
[239][ Del Mar - Competitive Rotation] : FortPlaylistAthena /DelMarCore/Playlists/Levels/Playlist_DelMar_Cruise.Playlist_DelMar_Cruise
[240][ Del Mar - Competitive Rotation] : FortPlaylistAthena /DelMarCore/Playlists/Levels/Playlist_DelMar_Draino_Ranked.Playlist_DelMar_Draino_Ranked
[241][ Del Mar - Competitive Rotation] : FortPlaylistAthena /DelMarCore/Playlists/Levels/Playlist_DelMar_Draino_Racing.Playlist_DelMar_Draino_Racing
[242][ Del Mar - Competitive Rotation] : FortPlaylistAthena /DelMarCore/Playlists/Levels/Playlist_DelMar_DifficultTrack.Playlist_DelMar_DifficultTrack
[243][ Del Mar - Competitive Rotation] : FortPlaylistAthena /DelMarCore/Playlists/Levels/Playlist_DelMar_Driftmania_Racing.Playlist_DelMar_Driftmania_Racing
[244][ Del Mar - Competitive Rotation] : FortPlaylistAthena /DelMarCore/Playlists/Levels/Playlist_DelMar_GoldRush.Playlist_DelMar_GoldRush
[245][ Del Mar - Competitive Rotation] : FortPlaylistAthena /DelMarCore/Playlists/Levels/Playlist_DelMar_Driftmania_Ranked.Playlist_DelMar_Driftmania_Ranked
[246][ Del Mar - Competitive Rotation] : FortPlaylistAthena /DelMarCore/Playlists/Levels/Playlist_DelMar_Hydra2_Ranked.Playlist_DelMar_Hydra2_Ranked
[247][ Del Mar - Competitive Rotation] : FortPlaylistAthena /DelMarCore/Playlists/Levels/Playlist_DelMar_Infinity_Racing.Playlist_DelMar_Infinity_Racing
[248][ Del Mar - Competitive Rotation] : FortPlaylistAthena /DelMarCore/Playlists/Levels/Playlist_DelMar_Hydra_Ranked.Playlist_DelMar_Hydra_Ranked
[249][ Del Mar - Competitive Rotation] : FortPlaylistAthena /DelMarCore/Playlists/Levels/Playlist_DelMar_Iron.Playlist_DelMar_Iron
[250][ Del Mar - Competitive Rotation] : FortPlaylistAthena /DelMarCore/Playlists/Levels/Playlist_DelMar_Infinity_Ranked.Playlist_DelMar_Infinity_Ranked
[251][ Del Mar - Competitive Rotation] : FortPlaylistAthena /DelMarCore/Playlists/Levels/Playlist_DelMar_Jumper_Racing.Playlist_DelMar_Jumper_Racing
[252][ Del Mar - Competitive Rotation] : FortPlaylistAthena /DelMarCore/Playlists/Levels/Playlist_DelMar_JackRabbit_Racing.Playlist_DelMar_JackRabbit_Racing
[253][ Del Mar - Competitive Rotation] : FortPlaylistAthena /DelMarCore/Playlists/Levels/Playlist_DelMar_Jumper_Ranked.Playlist_DelMar_Jumper_Ranked
[254][ Del Mar - Competitive Rotation] : FortPlaylistAthena /DelMarCore/Playlists/Levels/Playlist_DelMar_Kickflip_Racing.Playlist_DelMar_Kickflip_Racing
[255][ Del Mar - Competitive Rotation] : FortPlaylistAthena /DelMarCore/Playlists/Levels/Playlist_DelMar_NUXJumper_Ranked.Playlist_DelMar_NUXJumper_Ranked
[256][ Del Mar - Competitive Rotation] : FortPlaylistAthena /DelMarCore/Playlists/Levels/Playlist_DelMar_NUXJumper_Racing.Playlist_DelMar_NUXJumper_Racing
[257][ Del Mar - Competitive Rotation] : FortPlaylistAthena /DelMarCore/Playlists/Levels/Playlist_DelMar_NUXJumper_NUX.Playlist_DelMar_NUXJumper_NUX
[258][ Del Mar - Competitive Rotation] : FortPlaylistAthena /DelMarCore/Playlists/Levels/Playlist_DelMar_Kickflip_Ranked.Playlist_DelMar_Kickflip_Ranked
[259][ Del Mar - Competitive Rotation] : FortPlaylistAthena /DelMarCore/Playlists/Levels/Playlist_DelMar_Olympus_Ranked.Playlist_DelMar_Olympus_Ranked
[260][ Del Mar - Competitive Rotation] : FortPlaylistAthena /DelMarCore/Playlists/Levels/Playlist_DelMar_Ouroboros_Racing.Playlist_DelMar_Ouroboros_Racing
[261][ Del Mar - Competitive Rotation] : FortPlaylistAthena /DelMarCore/Playlists/Levels/Playlist_DelMar_OuroborosAdv_Racing.Playlist_DelMar_OuroborosAdv_Racing
[262][ Del Mar - Competitive Rotation] : FortPlaylistAthena /DelMarCore/Playlists/Levels/Playlist_DelMar_Ouroboros_Ranked.Playlist_DelMar_Ouroboros_Ranked
[263][ Del Mar - Competitive Rotation] : FortPlaylistAthena /DelMarCore/Playlists/Levels/Playlist_DelMar_Phoenix_Ranked.Playlist_DelMar_Phoenix_Ranked
[264][ Del Mar - Competitive Rotation] : FortPlaylistAthena /DelMarCore/Playlists/Levels/Playlist_DelMar_OuroborosAdv_Ranked.Playlist_DelMar_OuroborosAdv_Ranked
[265][ Del Mar - Competitive Rotation] : FortPlaylistAthena /DelMarCore/Playlists/Levels/Playlist_DelMar_Poseidon_Racing.Playlist_DelMar_Poseidon_Racing
[266][ Del Mar - Competitive Rotation] : FortPlaylistAthena /DelMarCore/Playlists/Levels/Playlist_DelMar_PirateAdventure.Playlist_DelMar_PirateAdventure
[267][ Del Mar - Competitive Rotation] : FortPlaylistAthena /DelMarCore/Playlists/Levels/Playlist_DelMar_Poseidon_Ranked.Playlist_DelMar_Poseidon_Ranked
[268][ Del Mar - Competitive Rotation] : FortPlaylistAthena /DelMarCore/Playlists/Levels/Playlist_DelMar_Rally_Racing.Playlist_DelMar_Rally_Racing
[269][ Del Mar - Competitive Rotation] : FortPlaylistAthena /DelMarCore/Playlists/Levels/Playlist_DelMar_RallyAdv_Racing.Playlist_DelMar_RallyAdv_Racing
[270][ Del Mar - Competitive Rotation] : FortPlaylistAthena /DelMarCore/Playlists/Levels/Playlist_DelMar_Rally_Ranked.Playlist_DelMar_Rally_Ranked
[271][ Del Mar - Competitive Rotation] : FortPlaylistAthena /DelMarCore/Playlists/Levels/Playlist_DelMar_Riviera_Ranked.Playlist_DelMar_Riviera_Ranked
[272][ Del Mar - Competitive Rotation] : FortPlaylistAthena /DelMarCore/Playlists/Levels/Playlist_DelMar_Riviera_Racing.Playlist_DelMar_Riviera_Racing
[273][ Del Mar - Tutorials] : FortPlaylistAthena /DelMarCore/Playlists/Levels/Playlist_DelMar_Seamless_Tutorial.Playlist_DelMar_Seamless_Tutorial
[274][ Del Mar - Competitive Rotation] : FortPlaylistAthena /DelMarCore/Playlists/Levels/Playlist_DelMar_RoundTwoEasy.Playlist_DelMar_RoundTwoEasy
[275][ Del Mar - Competitive Rotation] : FortPlaylistAthena /DelMarCore/Playlists/Levels/Playlist_DelMar_Sidewinder_Racing.Playlist_DelMar_Sidewinder_Racing
[276][ Del Mar - Competitive Rotation] : FortPlaylistAthena /DelMarCore/Playlists/Levels/Playlist_DelMar_SweetJumps_Ranked.Playlist_DelMar_SweetJumps_Ranked
[277][ Del Mar - Competitive Rotation] : FortPlaylistAthena /DelMarCore/Playlists/Levels/Playlist_DelMar_Snap_Ranked.Playlist_DelMar_Snap_Ranked
[278][ Del Mar - Competitive Rotation] : FortPlaylistAthena /DelMarCore/Playlists/Levels/Playlist_DelMar_Sidewinder_Ranked.Playlist_DelMar_Sidewinder_Ranked
[279][ Del Mar - Competitive Rotation] : FortPlaylistAthena /DelMarCore/Playlists/Levels/Playlist_DelMar_Snap_Racing.Playlist_DelMar_Snap_Racing
[280][ Del Mar - Competitive Rotation] : FortPlaylistAthena /DelMarCore/Playlists/Levels/SpeedRun/Playlist_DelMar_Bronze06_SpeedRun.Playlist_DelMar_Bronze06_SpeedRun
[281][ Del Mar - Competitive Rotation] : FortPlaylistAthena /DelMarCore/Playlists/Levels/Playlist_DelMar_Turbine_Ranked.Playlist_DelMar_Turbine_Ranked
[282][ Del Mar - Competitive Rotation] : FortPlaylistAthena /DelMarCore/Playlists/Levels/SpeedRun/Playlist_DelMar_Apollo2_SpeedRun.Playlist_DelMar_Apollo2_SpeedRun
[283][ Del Mar - Competitive Rotation] : FortPlaylistAthena /DelMarCore/Playlists/Levels/Playlist_DelMar_Twister.Playlist_DelMar_Twister
[284][ Del Mar - Competitive Rotation] : FortPlaylistAthena /DelMarCore/Playlists/Levels/SpeedRun/Playlist_DelMar_Riviera_SpeedRun.Playlist_DelMar_Riviera_SpeedRun
[285][ Del Mar - Competitive Rotation] : FortPlaylistAthena /DelMarCore/Playlists/Levels/SpeedRun/Playlist_DelMar_Olympus_SpeedRun.Playlist_DelMar_Olympus_SpeedRun
[286][ Del Mar - Competitive Rotation] : FortPlaylistAthena /DelMarCore/Playlists/Levels/SpeedRun/Playlist_DelMar_Driftmania_SpeedRun.Playlist_DelMar_Driftmania_SpeedRun
[287][ Del Mar - Competitive Rotation] : FortPlaylistAthena /DelMarCore/Playlists/Levels/SpeedRun/Playlist_DelMar_Bronze09Flying_SpeedRun.Playlist_DelMar_Bronze09Flying_SpeedRun
[288][ Del Mar - Competitive Rotation] : FortPlaylistAthena /DelMarCore/Playlists/Levels/SpeedRun/Playlist_DelMar_Snap2_SpeedRun.Playlist_DelMar_Snap2_SpeedRun
[289][ Del Mar - Competitive Rotation] : FortPlaylistAthena /DelMarCore/Playlists/Levels/SpeedRun/Playlist_DelMar_Sidewinder_SpeedRun.Playlist_DelMar_Sidewinder_SpeedRun
[290][ Del Mar - Competitive Mode] : FortPlaylistAthena /DelMarCore/Playlists/QA_Playlists/Playlist_DelMar_Competitive_QA_10.Playlist_DelMar_Competitive_QA_10
[291][ Del Mar - Competitive Mode] : FortPlaylistAthena /DelMarCore/Playlists/QA_Playlists/Playlist_DelMar_Habanero_Competitive_QA_1.Playlist_DelMar_Habanero_Competitive_QA_1
[292][ Del Mar - Competitive Mode] : FortPlaylistAthena /DelMarCore/Playlists/QA_Playlists/Playlist_DelMar_Competitive_QA_9.Playlist_DelMar_Competitive_QA_9
[293][ Del Mar - Competitive Mode] : FortPlaylistAthena /DelMarCore/Playlists/QA_Playlists/Playlist_DelMar_Competitive_QA_6.Playlist_DelMar_Competitive_QA_6
[294][ Del Mar - Competitive Mode] : FortPlaylistAthena /DelMarCore/Playlists/QA_Playlists/Playlist_DelMar_Competitive_QA_8.Playlist_DelMar_Competitive_QA_8
[295][ Del Mar - Competitive Mode] : FortPlaylistAthena /DelMarCore/Playlists/QA_Playlists/Playlist_DelMar_Competitive_QA_4.Playlist_DelMar_Competitive_QA_4
[296][ Del Mar - Competitive Mode] : FortPlaylistAthena /DelMarCore/Playlists/QA_Playlists/Playlist_DelMar_Competitive_QA_5.Playlist_DelMar_Competitive_QA_5
[297][ Del Mar - Challenge Mode] : FortPlaylistAthena /DelMarCore/Playlists/QA_Playlists/Playlist_DelMar_Challenge_QA_9.Playlist_DelMar_Challenge_QA_9
[298][ Del Mar - Competitive Mode] : FortPlaylistAthena /DelMarCore/Playlists/QA_Playlists/Playlist_DelMar_Competitive_QA_3.Playlist_DelMar_Competitive_QA_3
[299][ Del Mar - Challenge Mode] : FortPlaylistAthena /DelMarCore/Playlists/QA_Playlists/Playlist_DelMar_Challenge_QA_8.Playlist_DelMar_Challenge_QA_8
[300][ Del Mar - Challenge Mode] : FortPlaylistAthena /DelMarCore/Playlists/QA_Playlists/Playlist_DelMar_Challenge_QA_7.Playlist_DelMar_Challenge_QA_7
[301][ Del Mar - Challenge Mode] : FortPlaylistAthena /DelMarCore/Playlists/QA_Playlists/Playlist_DelMar_Challenge_QA_4.Playlist_DelMar_Challenge_QA_4
[302][ Del Mar - Challenge Mode] : FortPlaylistAthena /DelMarCore/Playlists/QA_Playlists/Playlist_DelMar_Challenge_QA_5.Playlist_DelMar_Challenge_QA_5
[303][ Del Mar - Challenge Mode] : FortPlaylistAthena /DelMarCore/Playlists/QA_Playlists/Playlist_DelMar_Challenge_QA_6.Playlist_DelMar_Challenge_QA_6
[304][ Del Mar - Challenge Mode] : FortPlaylistAthena /DelMarCore/Playlists/QA_Playlists/Playlist_DelMar_Challenge_QA_1.Playlist_DelMar_Challenge_QA_1
[305][ Del Mar - Speed Run Rotation] : FortPlaylistAthena /DelMarCore/Playlists/Root/Playlist_DelMar_SpeedRun_Standard_Root.Playlist_DelMar_SpeedRun_Standard_Root
[306][ Del Mar - Challenge Mode] : FortPlaylistAthena /DelMarCore/Playlists/QA_Playlists/Playlist_DelMar_Challenge_QA_3.Playlist_DelMar_Challenge_QA_3
[307][ Del Mar - Challenge Mode] : FortPlaylistAthena /DelMarCore/Playlists/QA_Playlists/Playlist_DelMar_Challenge_QA_2.Playlist_DelMar_Challenge_QA_2
[308][ Del Mar - Competitive Rotation] : FortPlaylistAthena /DelMarCore/Playlists/Root/Playlist_DelMar_Ranked_Root.Playlist_DelMar_Ranked_Root
[309][ Del Mar - Competitive Mode] : FortPlaylistAthena /DelMarCore/Playlists/Playlist_DelMar_Limited.Playlist_DelMar_Limited
[310][ Del Mar - Tutorials] : FortPlaylistAthena /DelMarCore/Playlists/Playlist_DelMar_Tutorial.Playlist_DelMar_Tutorial
[311][ Del Mar - Competitive Mode] : FortPlaylistAthena /DelMarCore/Playlists/COD/Playlist_DelMar_Competitive_COD_1.Playlist_DelMar_Competitive_COD_1
[312][ Del Mar - Competitive Rotation] : FortPlaylistAthena /DelMarCore/Playlists/Levels/Playlist_DelMar_Apollo_Racing.Playlist_DelMar_Apollo_Racing
[313][ Del Mar - Competitive Rotation] : FortPlaylistAthena /DelMarCore/Playlists/Levels/Playlist_DelMar_Bronze01_Racing.Playlist_DelMar_Bronze01_Racing
[314][ Del Mar - Competitive Rotation] : FortPlaylistAthena /DelMarCore/Playlists/Levels/Playlist_DelMar_Bronze03Adv_Ranked.Playlist_DelMar_Bronze03Adv_Ranked
[315][ Del Mar - Competitive Rotation] : FortPlaylistAthena /DelMarCore/Playlists/Levels/Playlist_DelMar_Bronze03_Ranked.Playlist_DelMar_Bronze03_Ranked
[316][ Del Mar - Competitive Rotation] : FortPlaylistAthena /DelMarCore/Playlists/Levels/Playlist_DelMar_Bronze01Adv_Ranked.Playlist_DelMar_Bronze01Adv_Ranked
[317][ Del Mar - Competitive Rotation] : FortPlaylistAthena /DelMarCore/Playlists/Levels/Playlist_DelMar_Bronze03_NUX.Playlist_DelMar_Bronze03_NUX
[318][ Del Mar - Competitive Rotation] : FortPlaylistAthena /DelMarCore/Playlists/Levels/Playlist_DelMar_Bronze08.Playlist_DelMar_Bronze08
[319][ Del Mar - Competitive Rotation] : FortPlaylistAthena /DelMarCore/Playlists/Levels/Playlist_DelMar_Bronze09Drifting_Racing.Playlist_DelMar_Bronze09Drifting_Racing
[320][ Del Mar - Competitive Rotation] : FortPlaylistAthena /DelMarCore/Playlists/Levels/Playlist_DelMar_Bronze06_Ranked.Playlist_DelMar_Bronze06_Ranked
[321][ Del Mar - Competitive Rotation] : FortPlaylistAthena /DelMarCore/Playlists/Levels/Playlist_DelMar_Hydra_Racing.Playlist_DelMar_Hydra_Racing
[322][ Del Mar - Competitive Rotation] : FortPlaylistAthena /DelMarCore/Playlists/Levels/Playlist_DelMar_Cave.Playlist_DelMar_Cave
[323][ Del Mar - Competitive Rotation] : FortPlaylistAthena /DelMarCore/Playlists/Levels/Playlist_DelMar_JackRabbit_Ranked.Playlist_DelMar_JackRabbit_Ranked
[324][ Del Mar - Competitive Rotation] : FortPlaylistAthena /DelMarCore/Playlists/Levels/Playlist_DelMar_Mobius.Playlist_DelMar_Mobius
[325][ Del Mar - Competitive Rotation] : FortPlaylistAthena /DelMarCore/Playlists/Levels/Playlist_DelMar_Olympus_Racing.Playlist_DelMar_Olympus_Racing
[326][ Del Mar - Competitive Rotation] : FortPlaylistAthena /DelMarCore/Playlists/Levels/Playlist_DelMar_Phoenix_Racing.Playlist_DelMar_Phoenix_Racing
[327][ Del Mar - Competitive Rotation] : FortPlaylistAthena /DelMarCore/Playlists/Levels/Playlist_DelMar_RallyAdv_Ranked.Playlist_DelMar_RallyAdv_Ranked
[328][ Del Mar - Competitive Mode] : FortPlaylistAthena /DelMarCore/Playlists/QA_Playlists/Playlist_DelMar_Competitive_QA_7.Playlist_DelMar_Competitive_QA_7
[329][ Del Mar - Competitive Mode] : FortPlaylistAthena /DelMarCore/Playlists/QA_Playlists/Playlist_DelMar_Competitive_QA_1.Playlist_DelMar_Competitive_QA_1
[330][ Del Mar - Competitive Mode] : FortPlaylistAthena /DelMarCore/Playlists/QA_Playlists/Playlist_DelMar_Competitive_QA_2.Playlist_DelMar_Competitive_QA_2
[331][ Del Mar - Challenge Mode] : FortPlaylistAthena /DelMarCore/Playlists/QA_Playlists/Playlist_DelMar_Challenge_QA_10.Playlist_DelMar_Challenge_QA_10
[332][ Del Mar - Competitive Rotation] : FortPlaylistAthena /DelMarCore/Playlists/Levels/SpeedRun/Playlist_DelMar_Bronze01_SpeedRun.Playlist_DelMar_Bronze01_SpeedRun
[333][ Del Mar - Competitive Rotation] : FortPlaylistAthena /DelMarCore/Playlists/Levels/Playlist_DelMar_Bronze09Flying_NUX.Playlist_DelMar_Bronze09Flying_NUX
[334][ Del Mar - Competitive Rotation] : FortPlaylistAthena /DelMarCore/Playlists/Levels/Playlist_DelMar_Turbine_Racing.Playlist_DelMar_Turbine_Racing
[335][ Del Mar - Competitive Rotation] : FortPlaylistAthena /DelMarCore/Playlists/Levels/Playlist_DelMar_Hydra2_Racing.Playlist_DelMar_Hydra2_Racing
[336][ Del Mar - Competitive Rotation] : FortPlaylistAthena /DelMarCore/Playlists/Levels/SpeedRun/Playlist_DelMar_Bronze10_SpeedRun.Playlist_DelMar_Bronze10_SpeedRun
[337][ Del Mar - Competitive Rotation] : FortPlaylistAthena /DelMarCore/Playlists/Levels/Playlist_DelMar_SweetJumps_Racing.Playlist_DelMar_SweetJumps_Racing
[338][ Juno] : FortPlaylistAthena /JunoGame/Playlists/Playlist_Juno.Playlist_Juno
[339][ Team Rumble] : FortPlaylistAthena /Rumble/Playlists/Playlist_Respawn_24.Playlist_Respawn_24
